src/components/shared/ErrorBoundary.tsx(61,15): error TS2322: Type '{ children: string; variant: string; onClick: () => void; }' is not assignable to type 'IntrinsicAttributes & ButtonProps & RefAttributes<HTMLButtonElement>'.
  Property 'variant' does not exist on type 'IntrinsicAttributes & ButtonProps & RefAttributes<HTMLButtonElement>'.
src/components/shared/Pagination.tsx(124,11): error TS2322: Type '{ children: Element[]; variant: string; size: string; onClick: () => void; onKeyDown: (e: KeyboardEvent<HTMLButtonElement>) => void; disabled: boolean; "aria-label": string; title: string; className: string; }' is not assignable to type 'IntrinsicAttributes & ButtonProps & RefAttributes<HTMLButtonElement>'.
  Property 'variant' does not exist on type 'IntrinsicAttributes & ButtonProps & RefAttributes<HTMLButtonElement>'.
src/components/shared/Pagination.tsx(139,11): error TS2322: Type '{ children: Element; variant: string; size: string; onClick: () => void; onKeyDown: (e: KeyboardEvent<HTMLButtonElement>) => void; disabled: boolean; "aria-label": string; title: string; className: string; }' is not assignable to type 'IntrinsicAttributes & ButtonProps & RefAttributes<HTMLButtonElement>'.
  Property 'variant' does not exist on type 'IntrinsicAttributes & ButtonProps & RefAttributes<HTMLButtonElement>'.
src/components/shared/Pagination.tsx(173,17): error TS2322: Type '{ children: number; key: number; variant: string; size: string; onClick: () => void; onKeyDown: (e: KeyboardEvent<HTMLButtonElement>) => void; disabled: boolean; "aria-current": "page" | undefined; "aria-label": string; title: string; className: string; }' is not assignable to type 'IntrinsicAttributes & ButtonProps & RefAttributes<HTMLButtonElement>'.
  Property 'variant' does not exist on type 'IntrinsicAttributes & ButtonProps & RefAttributes<HTMLButtonElement>'.
src/components/shared/Pagination.tsx(191,11): error TS2322: Type '{ children: Element[]; variant: string; size: string; onClick: () => void; onKeyDown: (e: KeyboardEvent<HTMLButtonElement>) => void; disabled: boolean; "aria-label": string; title: string; className: string; }' is not assignable to type 'IntrinsicAttributes & ButtonProps & RefAttributes<HTMLButtonElement>'.
  Property 'variant' does not exist on type 'IntrinsicAttributes & ButtonProps & RefAttributes<HTMLButtonElement>'.
src/components/shared/Pagination.tsx(206,11): error TS2322: Type '{ children: Element; variant: string; size: string; onClick: () => void; onKeyDown: (e: KeyboardEvent<HTMLButtonElement>) => void; disabled: boolean; "aria-label": string; title: string; className: string; }' is not assignable to type 'IntrinsicAttributes & ButtonProps & RefAttributes<HTMLButtonElement>'.
  Property 'variant' does not exist on type 'IntrinsicAttributes & ButtonProps & RefAttributes<HTMLButtonElement>'.
src/components/ui/alert-dialog.tsx(127,24): error TS2353: Object literal may only specify known properties, and 'variant' does not exist in type 'ClassProp'.
src/components/ui/alert.tsx(9,3): error TS2554: Expected 0-2 arguments, but got 4.
src/components/ui/alert.tsx(29,17): error TS2339: Property 'variant' does not exist on type 'HTMLAttributes<HTMLDivElement> & VariantProps<(props?: ClassProp | undefined) => string>'.
src/components/ui/alert.tsx(33,35): error TS2353: Object literal may only specify known properties, and 'variant' does not exist in type 'ClassProp'.
src/components/ui/badge.tsx(9,3): error TS2554: Expected 0-2 arguments, but got 4.
src/components/ui/badge.tsx(33,29): error TS2339: Property 'variant' does not exist on type 'BadgeProps'.
src/components/ui/badge.tsx(36,37): error TS2353: Object literal may only specify known properties, and 'variant' does not exist in type 'ClassProp'.
src/components/ui/button.tsx(10,3): error TS2554: Expected 0-2 arguments, but got 7.
src/components/ui/button.tsx(51,17): error TS2339: Property 'variant' does not exist on type 'ButtonProps'.
src/components/ui/button.tsx(51,26): error TS2339: Property 'size' does not exist on type 'ButtonProps'.
src/components/ui/button.tsx(55,40): error TS2353: Object literal may only specify known properties, and 'variant' does not exist in type '{ class: ClassValue; className?: undefined; } | { class?: undefined; className: ClassValue; } | { class?: undefined; className?: undefined; }'.
src/components/ui/calendar.tsx(27,28): error TS2353: Object literal may only specify known properties, and 'variant' does not exist in type 'ClassProp'.
src/components/ui/calendar.tsx(47,28): error TS2353: Object literal may only specify known properties, and 'variant' does not exist in type 'ClassProp'.
src/components/ui/label.tsx(9,3): error TS2345: Argument of type '"peer-disabled:cursor-not-allowed peer-disabled:opacity-70"' is not assignable to parameter of type 'undefined'.
src/components/ui/pagination.tsx(43,23): error TS2344: Type '"size"' does not satisfy the constraint 'keyof ButtonProps'.
src/components/ui/pagination.tsx(56,9): error TS2353: Object literal may only specify known properties, and 'variant' does not exist in type 'ClassProp'.
src/components/ui/pagination.tsx(72,5): error TS2783: 'size' is specified more than once, so this usage will be overwritten.
src/components/ui/pagination.tsx(88,5): error TS2783: 'size' is specified more than once, so this usage will be overwritten.
src/features/admin/pages/StudentRecords.tsx(211,20): error TS2322: Type '{ children: Element[]; variant: string; }' is not assignable to type 'IntrinsicAttributes & HTMLAttributes<HTMLDivElement> & VariantProps<(props?: ClassProp | undefined) => string> & RefAttributes<...>'.
  Property 'variant' does not exist on type 'IntrinsicAttributes & HTMLAttributes<HTMLDivElement> & VariantProps<(props?: ClassProp | undefined) => string> & RefAttributes<...>'.
src/features/analytics/pages/Analytics.tsx(153,11): error TS2322: Type '{ children: Element[]; variant: string; className: string; }' is not assignable to type 'IntrinsicAttributes & HTMLAttributes<HTMLDivElement> & VariantProps<(props?: ClassProp | undefined) => string> & RefAttributes<...>'.
  Property 'variant' does not exist on type 'IntrinsicAttributes & HTMLAttributes<HTMLDivElement> & VariantProps<(props?: ClassProp | undefined) => string> & RefAttributes<...>'.
src/features/analytics/pages/Analytics.tsx(162,11): error TS2322: Type '{ children: string; variant: string; onClick: () => Promise<void>; className: string; }' is not assignable to type 'IntrinsicAttributes & ButtonProps & RefAttributes<HTMLButtonElement>'.
  Property 'variant' does not exist on type 'IntrinsicAttributes & ButtonProps & RefAttributes<HTMLButtonElement>'.
src/features/analytics/pages/Analytics.tsx(930,13): error TS2322: Type '{ children: string; variant: string; size: string; onClick: () => void; disabled: boolean; className: string; }' is not assignable to type 'IntrinsicAttributes & ButtonProps & RefAttributes<HTMLButtonElement>'.
  Property 'variant' does not exist on type 'IntrinsicAttributes & ButtonProps & RefAttributes<HTMLButtonElement>'.
src/features/analytics/pages/Analytics.tsx(944,13): error TS2322: Type '{ children: string; variant: string; size: string; onClick: () => void; disabled: boolean; className: string; }' is not assignable to type 'IntrinsicAttributes & ButtonProps & RefAttributes<HTMLButtonElement>'.
  Property 'variant' does not exist on type 'IntrinsicAttributes & ButtonProps & RefAttributes<HTMLButtonElement>'.
src/features/appointments/components/ConfirmModal.tsx(83,13): error TS2322: Type '{ children: string; variant: string; onClick: () => void; className: string; }' is not assignable to type 'IntrinsicAttributes & ButtonProps & RefAttributes<HTMLButtonElement>'.
  Property 'variant' does not exist on type 'IntrinsicAttributes & ButtonProps & RefAttributes<HTMLButtonElement>'.
src/features/appointments/components/List.tsx(214,27): error TS2322: Type '{ children: (string | Element)[]; variant: string; size: string; onClick: () => void; className: string; }' is not assignable to type 'IntrinsicAttributes & ButtonProps & RefAttributes<HTMLButtonElement>'.
  Property 'variant' does not exist on type 'IntrinsicAttributes & ButtonProps & RefAttributes<HTMLButtonElement>'.
src/features/appointments/components/List.tsx(296,23): error TS2322: Type '{ children: (string | Element)[]; variant: string; size: string; onClick: () => void; className: string; }' is not assignable to type 'IntrinsicAttributes & ButtonProps & RefAttributes<HTMLButtonElement>'.
  Property 'variant' does not exist on type 'IntrinsicAttributes & ButtonProps & RefAttributes<HTMLButtonElement>'.
src/features/appointments/components/RescheduleModal.tsx(127,13): error TS2322: Type '{ children: string; variant: string; onClick: () => void; className: string; }' is not assignable to type 'IntrinsicAttributes & ButtonProps & RefAttributes<HTMLButtonElement>'.
  Property 'variant' does not exist on type 'IntrinsicAttributes & ButtonProps & RefAttributes<HTMLButtonElement>'.
src/features/appointments/components/ViewModal.tsx(318,23): error TS2322: Type '{ children: (string | Element | null)[]; key: string; onClick: () => void; className: string; size: string; }' is not assignable to type 'IntrinsicAttributes & ButtonProps & RefAttributes<HTMLButtonElement>'.
  Property 'size' does not exist on type 'IntrinsicAttributes & ButtonProps & RefAttributes<HTMLButtonElement>'.
src/features/appointments/components/ViewModal.tsx(331,15): error TS2322: Type '{ children: string; variant: string; onClick: () => void; className: string; }' is not assignable to type 'IntrinsicAttributes & ButtonProps & RefAttributes<HTMLButtonElement>'.
  Property 'variant' does not exist on type 'IntrinsicAttributes & ButtonProps & RefAttributes<HTMLButtonElement>'.
src/features/appointments/pages/admin/AppointmentDetails.tsx(83,11): error TS2322: Type '{ children: (string | Element)[]; onClick: () => void; variant: string; }' is not assignable to type 'IntrinsicAttributes & ButtonProps & RefAttributes<HTMLButtonElement>'.
  Property 'variant' does not exist on type 'IntrinsicAttributes & ButtonProps & RefAttributes<HTMLButtonElement>'.
src/features/appointments/pages/admin/AppointmentDetails.tsx(98,11): error TS2322: Type '{ children: (string | Element)[]; onClick: () => void; variant: string; }' is not assignable to type 'IntrinsicAttributes & ButtonProps & RefAttributes<HTMLButtonElement>'.
  Property 'variant' does not exist on type 'IntrinsicAttributes & ButtonProps & RefAttributes<HTMLButtonElement>'.
src/features/appointments/pages/admin/AppointmentDetails.tsx(306,15): error TS2322: Type '{ children: (string | Element)[]; variant: string; size: string; className: string; onClick: () => void; }' is not assignable to type 'IntrinsicAttributes & ButtonProps & RefAttributes<HTMLButtonElement>'.
  Property 'variant' does not exist on type 'IntrinsicAttributes & ButtonProps & RefAttributes<HTMLButtonElement>'.
src/features/appointments/pages/admin/AppointmentDetails.tsx(432,19): error TS2322: Type '{ children: string; variant: string; className: string; }' is not assignable to type 'IntrinsicAttributes & BadgeProps'.
  Property 'variant' does not exist on type 'IntrinsicAttributes & BadgeProps'.
src/features/appointments/pages/admin/AppointmentsManagement.tsx(177,9): error TS2322: Type '{ children: (string | Element)[]; variant: string; onClick: () => void; className: string; }' is not assignable to type 'IntrinsicAttributes & ButtonProps & RefAttributes<HTMLButtonElement>'.
  Property 'variant' does not exist on type 'IntrinsicAttributes & ButtonProps & RefAttributes<HTMLButtonElement>'.
src/features/appointments/pages/admin/AppointmentsManagement.tsx(261,19): error TS2322: Type '{ children: string; variant: string; size: string; onClick: () => void; className: string; }' is not assignable to type 'IntrinsicAttributes & ButtonProps & RefAttributes<HTMLButtonElement>'.
  Property 'variant' does not exist on type 'IntrinsicAttributes & ButtonProps & RefAttributes<HTMLButtonElement>'.
src/features/appointments/pages/student/AppointmentDetails.tsx(87,11): error TS2322: Type '{ children: string; variant: string; onClick: () => void; }' is not assignable to type 'IntrinsicAttributes & ButtonProps & RefAttributes<HTMLButtonElement>'.
  Property 'variant' does not exist on type 'IntrinsicAttributes & ButtonProps & RefAttributes<HTMLButtonElement>'.
src/features/appointments/pages/student/AppointmentDetails.tsx(163,32): error TS2322: Type '{ children: string | undefined; variant: string; }' is not assignable to type 'IntrinsicAttributes & BadgeProps'.
  Property 'variant' does not exist on type 'IntrinsicAttributes & BadgeProps'.
src/features/appointments/pages/student/AppointmentDetails.tsx(229,25): error TS2322: Type '{ children: string; variant: string; className: string; onClick: () => void; disabled: boolean; }' is not assignable to type 'IntrinsicAttributes & ButtonProps & RefAttributes<HTMLButtonElement>'.
  Property 'variant' does not exist on type 'IntrinsicAttributes & ButtonProps & RefAttributes<HTMLButtonElement>'.
src/features/appointments/pages/student/AppointmentDetails.tsx(294,15): error TS2322: Type '{ children: string; variant: string; onClick: () => void; disabled: boolean; }' is not assignable to type 'IntrinsicAttributes & ButtonProps & RefAttributes<HTMLButtonElement>'.
  Property 'variant' does not exist on type 'IntrinsicAttributes & ButtonProps & RefAttributes<HTMLButtonElement>'.
src/features/appointments/pages/student/AppointmentDetails.tsx(301,15): error TS2322: Type '{ children: string; variant: string; onClick: () => void; disabled: boolean; }' is not assignable to type 'IntrinsicAttributes & ButtonProps & RefAttributes<HTMLButtonElement>'.
  Property 'variant' does not exist on type 'IntrinsicAttributes & ButtonProps & RefAttributes<HTMLButtonElement>'.
src/features/appointments/pages/student/CreateAppointment.tsx(281,25): error TS2322: Type '{ children: string; variant: string; size: string; onClick: () => void; className: string; }' is not assignable to type 'IntrinsicAttributes & ButtonProps & RefAttributes<HTMLButtonElement>'.
  Property 'variant' does not exist on type 'IntrinsicAttributes & ButtonProps & RefAttributes<HTMLButtonElement>'.
src/features/appointments/pages/student/StudentAppointments.tsx(200,19): error TS2322: Type '{ children: Element[]; key: number; onClick: () => void; variant: string; size: string; className: string; }' is not assignable to type 'IntrinsicAttributes & ButtonProps & RefAttributes<HTMLButtonElement>'.
  Property 'variant' does not exist on type 'IntrinsicAttributes & ButtonProps & RefAttributes<HTMLButtonElement>'.
src/features/appointments/pages/student/StudentAppointments.tsx(271,33): error TS2322: Type '{ children: (string | Element)[]; variant: string; className: string; }' is not assignable to type 'IntrinsicAttributes & BadgeProps'.
  Property 'variant' does not exist on type 'IntrinsicAttributes & BadgeProps'.
src/features/appointments/pages/student/StudentAppointments.tsx(299,33): error TS2322: Type '{ children: Element; variant: string; size: string; className: string; }' is not assignable to type 'IntrinsicAttributes & ButtonProps & RefAttributes<HTMLButtonElement>'.
  Property 'variant' does not exist on type 'IntrinsicAttributes & ButtonProps & RefAttributes<HTMLButtonElement>'.
src/features/iir/components/form/ConsentDialog.tsx(57,13): error TS2322: Type '{ children: string; type: "button"; variant: string; onClick: () => void; disabled: boolean; className: string; }' is not assignable to type 'IntrinsicAttributes & ButtonProps & RefAttributes<HTMLButtonElement>'.
  Property 'variant' does not exist on type 'IntrinsicAttributes & ButtonProps & RefAttributes<HTMLButtonElement>'.
src/features/iir/components/form/HealthSection.tsx(262,28): error TS2304: Cannot find name 'cn'.
src/features/iir/components/form/HealthSection.tsx(273,32): error TS2304: Cannot find name 'cn'.
src/features/iir/components/form/HealthSection.tsx(307,34): error TS2304: Cannot find name 'cn'.
src/features/iir/components/form/HealthSection.tsx(375,28): error TS2304: Cannot find name 'cn'.
src/features/iir/components/form/HealthSection.tsx(386,32): error TS2304: Cannot find name 'cn'.
src/features/iir/components/form/HealthSection.tsx(427,34): error TS2304: Cannot find name 'cn'.
src/features/iir/components/form/HealthSection.tsx(478,32): error TS2304: Cannot find name 'cn'.
src/features/iir/components/profile/InterestsView.tsx(31,18): error TS2304: Cannot find name 'cn'.
src/features/iir/pages/IIRForm.tsx(210,14): error TS2322: Type '{ children: Element[]; variant: string; }' is not assignable to type 'IntrinsicAttributes & HTMLAttributes<HTMLDivElement> & VariantProps<(props?: ClassProp | undefined) => string> & RefAttributes<...>'.
  Property 'variant' does not exist on type 'IntrinsicAttributes & HTMLAttributes<HTMLDivElement> & VariantProps<(props?: ClassProp | undefined) => string> & RefAttributes<...>'.
src/features/iir/pages/IIRForm.tsx(420,23): error TS2322: Type '{ children: string; variant: string; size: string; onClick: () => void; className: string; }' is not assignable to type 'IntrinsicAttributes & ButtonProps & RefAttributes<HTMLButtonElement>'.
  Property 'variant' does not exist on type 'IntrinsicAttributes & ButtonProps & RefAttributes<HTMLButtonElement>'.
src/features/iir/pages/IIRForm.tsx(431,23): error TS2322: Type '{ children: string; size: string; onClick: () => void; className: string; }' is not assignable to type 'IntrinsicAttributes & ButtonProps & RefAttributes<HTMLButtonElement>'.
  Property 'size' does not exist on type 'IntrinsicAttributes & ButtonProps & RefAttributes<HTMLButtonElement>'.
src/features/iir/pages/IIRForm.tsx(563,19): error TS2322: Type '{ children: string; variant: string; onClick: () => void; className: string; }' is not assignable to type 'IntrinsicAttributes & ButtonProps & RefAttributes<HTMLButtonElement>'.
  Property 'variant' does not exist on type 'IntrinsicAttributes & ButtonProps & RefAttributes<HTMLButtonElement>'.
src/features/iir/pages/IIRForm.tsx(576,21): error TS2322: Type '{ children: Element[]; variant: string; onClick: () => void; disabled: boolean; className: string; }' is not assignable to type 'IntrinsicAttributes & ButtonProps & RefAttributes<HTMLButtonElement>'.
  Property 'variant' does not exist on type 'IntrinsicAttributes & ButtonProps & RefAttributes<HTMLButtonElement>'.
src/features/iir/pages/IIRForm.tsx(690,19): error TS2322: Type '{ children: string; variant: string; className: string; }' is not assignable to type 'IntrinsicAttributes & ButtonProps & RefAttributes<HTMLButtonElement>'.
  Property 'variant' does not exist on type 'IntrinsicAttributes & ButtonProps & RefAttributes<HTMLButtonElement>'.
src/features/notes/components/AddNoteModal.tsx(124,15): error TS2322: Type '{ children: string; type: "button"; variant: string; onClick: () => void; disabled: boolean; }' is not assignable to type 'IntrinsicAttributes & ButtonProps & RefAttributes<HTMLButtonElement>'.
  Property 'variant' does not exist on type 'IntrinsicAttributes & ButtonProps & RefAttributes<HTMLButtonElement>'.
src/features/notes/components/SignificantNotes.tsx(89,11): error TS2322: Type '{ children: (string | Element)[]; onClick: () => void; size: string; className: string; }' is not assignable to type 'IntrinsicAttributes & ButtonProps & RefAttributes<HTMLButtonElement>'.
  Property 'size' does not exist on type 'IntrinsicAttributes & ButtonProps & RefAttributes<HTMLButtonElement>'.
src/features/notes/components/SignificantNotes.tsx(127,23): error TS2322: Type '{ children: Element; variant: string; size: string; className: string; asChild: true; }' is not assignable to type 'IntrinsicAttributes & ButtonProps & RefAttributes<HTMLButtonElement>'.
  Property 'variant' does not exist on type 'IntrinsicAttributes & ButtonProps & RefAttributes<HTMLButtonElement>'.
src/features/slips/components/List.tsx(231,27): error TS2322: Type '{ children: (string | Element)[]; size: string; variant: string; onClick: () => void; className: string; }' is not assignable to type 'IntrinsicAttributes & ButtonProps & RefAttributes<HTMLButtonElement>'.
  Property 'size' does not exist on type 'IntrinsicAttributes & ButtonProps & RefAttributes<HTMLButtonElement>'.
src/features/slips/components/List.tsx(297,23): error TS2322: Type '{ children: (string | Element)[]; size: string; variant: string; onClick: () => void; className: string; }' is not assignable to type 'IntrinsicAttributes & ButtonProps & RefAttributes<HTMLButtonElement>'.
  Property 'size' does not exist on type 'IntrinsicAttributes & ButtonProps & RefAttributes<HTMLButtonElement>'.
src/features/slips/components/UploadSection.tsx(99,19): error TS2322: Type '{ children: string; variant: string; className: string; }' is not assignable to type 'IntrinsicAttributes & BadgeProps'.
  Property 'variant' does not exist on type 'IntrinsicAttributes & BadgeProps'.
src/features/slips/components/ViewModal.tsx(263,21): error TS2322: Type '{ children: (string | Element)[]; onClick: () => void; disabled: boolean; variant: string; className: string; }' is not assignable to type 'IntrinsicAttributes & ButtonProps & RefAttributes<HTMLButtonElement>'.
  Property 'variant' does not exist on type 'IntrinsicAttributes & ButtonProps & RefAttributes<HTMLButtonElement>'.
src/features/slips/components/ViewModal.tsx(272,21): error TS2322: Type '{ children: (string | Element)[]; onClick: () => void; disabled: boolean; variant: string; className: string; }' is not assignable to type 'IntrinsicAttributes & ButtonProps & RefAttributes<HTMLButtonElement>'.
  Property 'variant' does not exist on type 'IntrinsicAttributes & ButtonProps & RefAttributes<HTMLButtonElement>'.
src/features/slips/pages/admin/ReviewSlips.tsx(88,13): error TS2322: Type '{ children: string; key: TimeFilter; variant: string; onClick: () => void; className: string; }' is not assignable to type 'IntrinsicAttributes & ButtonProps & RefAttributes<HTMLButtonElement>'.
  Property 'variant' does not exist on type 'IntrinsicAttributes & ButtonProps & RefAttributes<HTMLButtonElement>'.
src/features/slips/pages/admin/ReviewSlips.tsx(100,11): error TS2322: Type '{ children: (string | Element)[]; variant: string; onClick: () => void; className: string; }' is not assignable to type 'IntrinsicAttributes & ButtonProps & RefAttributes<HTMLButtonElement>'.
  Property 'variant' does not exist on type 'IntrinsicAttributes & ButtonProps & RefAttributes<HTMLButtonElement>'.
src/features/slips/pages/admin/SlipDetails.tsx(88,11): error TS2322: Type '{ children: (string | Element)[]; onClick: () => void; variant: string; }' is not assignable to type 'IntrinsicAttributes & ButtonProps & RefAttributes<HTMLButtonElement>'.
  Property 'variant' does not exist on type 'IntrinsicAttributes & ButtonProps & RefAttributes<HTMLButtonElement>'.
src/features/slips/pages/admin/SlipDetails.tsx(103,11): error TS2322: Type '{ children: (string | Element)[]; onClick: () => void; variant: string; }' is not assignable to type 'IntrinsicAttributes & ButtonProps & RefAttributes<HTMLButtonElement>'.
  Property 'variant' does not exist on type 'IntrinsicAttributes & ButtonProps & RefAttributes<HTMLButtonElement>'.
src/features/slips/pages/admin/SlipDetails.tsx(194,15): error TS2322: Type '{ children: (string | Element)[]; variant: string; size: string; className: string; onClick: () => void; }' is not assignable to type 'IntrinsicAttributes & ButtonProps & RefAttributes<HTMLButtonElement>'.
  Property 'variant' does not exist on type 'IntrinsicAttributes & ButtonProps & RefAttributes<HTMLButtonElement>'.
src/features/slips/pages/student/SlipDetails.tsx(112,17): error TS2322: Type '{ children: (string | Element)[]; onClick: () => void; variant: string; size: string; className: string; }' is not assignable to type 'IntrinsicAttributes & ButtonProps & RefAttributes<HTMLButtonElement>'.
  Property 'variant' does not exist on type 'IntrinsicAttributes & ButtonProps & RefAttributes<HTMLButtonElement>'.
src/features/slips/pages/student/SlipDetails.tsx(138,17): error TS2322: Type '{ children: (string | Element)[]; onClick: () => void; variant: string; size: string; className: string; }' is not assignable to type 'IntrinsicAttributes & ButtonProps & RefAttributes<HTMLButtonElement>'.
  Property 'variant' does not exist on type 'IntrinsicAttributes & ButtonProps & RefAttributes<HTMLButtonElement>'.
src/features/slips/pages/student/SlipDetails.tsx(208,11): error TS2322: Type '{ children: string; variant: string; onClick: () => void; }' is not assignable to type 'IntrinsicAttributes & ButtonProps & RefAttributes<HTMLButtonElement>'.
  Property 'variant' does not exist on type 'IntrinsicAttributes & ButtonProps & RefAttributes<HTMLButtonElement>'.
src/features/slips/pages/student/SlipDetails.tsx(282,32): error TS2322: Type '{ children: any; variant: string; }' is not assignable to type 'IntrinsicAttributes & BadgeProps'.
  Property 'variant' does not exist on type 'IntrinsicAttributes & BadgeProps'.
src/features/slips/pages/student/SlipDetails.tsx(353,29): error TS2322: Type '{ children: Element; variant: string; size: string; className: string; onClick: () => void; }' is not assignable to type 'IntrinsicAttributes & ButtonProps & RefAttributes<HTMLButtonElement>'.
  Property 'variant' does not exist on type 'IntrinsicAttributes & ButtonProps & RefAttributes<HTMLButtonElement>'.
src/features/slips/pages/student/SlipDetails.tsx(361,29): error TS2322: Type '{ children: Element[]; variant: string; size: string; className: string; onClick: () => void; }' is not assignable to type 'IntrinsicAttributes & ButtonProps & RefAttributes<HTMLButtonElement>'.
  Property 'variant' does not exist on type 'IntrinsicAttributes & ButtonProps & RefAttributes<HTMLButtonElement>'.
src/features/slips/pages/student/StudentSlips.tsx(209,21): error TS2322: Type '{ children: Element[]; key: any; onClick: () => void; variant: string; size: string; className: string; }' is not assignable to type 'IntrinsicAttributes & ButtonProps & RefAttributes<HTMLButtonElement>'.
  Property 'variant' does not exist on type 'IntrinsicAttributes & ButtonProps & RefAttributes<HTMLButtonElement>'.
src/features/slips/pages/student/StudentSlips.tsx(286,33): error TS2322: Type '{ children: (string | Element | undefined)[]; variant: string; className: string; }' is not assignable to type 'IntrinsicAttributes & BadgeProps'.
  Property 'variant' does not exist on type 'IntrinsicAttributes & BadgeProps'.
src/features/slips/pages/student/StudentSlips.tsx(313,33): error TS2322: Type '{ children: Element; variant: string; size: string; className: string; }' is not assignable to type 'IntrinsicAttributes & ButtonProps & RefAttributes<HTMLButtonElement>'.
  Property 'variant' does not exist on type 'IntrinsicAttributes & ButtonProps & RefAttributes<HTMLButtonElement>'.
src/features/slips/pages/student/SubmitSlip.tsx(334,29): error TS2322: Type '{ children: string | undefined; variant: string; className: string; }' is not assignable to type 'IntrinsicAttributes & BadgeProps'.
  Property 'variant' does not exist on type 'IntrinsicAttributes & BadgeProps'.
src/features/slips/pages/student/SubmitSlip.tsx(484,27): error TS2322: Type '{ children: string; onClick: () => void; variant: string; className: string; }' is not assignable to type 'IntrinsicAttributes & ButtonProps & RefAttributes<HTMLButtonElement>'.
  Property 'variant' does not exist on type 'IntrinsicAttributes & ButtonProps & RefAttributes<HTMLButtonElement>'.
src/features/slips/pages/student/SubmitSlip.tsx(562,37): error TS2322: Type '{ children: string; variant: string; className: string; }' is not assignable to type 'IntrinsicAttributes & BadgeProps'.
  Property 'variant' does not exist on type 'IntrinsicAttributes & BadgeProps'.
src/features/slips/pages/student/SubmitSlip.tsx(667,37): error TS2322: Type '{ children: string; variant: string; className: string; }' is not assignable to type 'IntrinsicAttributes & BadgeProps'.
  Property 'variant' does not exist on type 'IntrinsicAttributes & BadgeProps'.
src/features/slips/pages/student/SubmitSlip.tsx(780,37): error TS2322: Type '{ children: string; variant: string; className: string; }' is not assignable to type 'IntrinsicAttributes & BadgeProps'.
  Property 'variant' does not exist on type 'IntrinsicAttributes & BadgeProps'.
src/features/slips/pages/student/SubmitSlip.tsx(888,39): error TS2322: Type '{ children: string; variant: string; className: string; }' is not assignable to type 'IntrinsicAttributes & BadgeProps'.
  Property 'variant' does not exist on type 'IntrinsicAttributes & BadgeProps'.
src/features/slips/pages/student/SubmitSlip.tsx(988,23): error TS2322: Type '{ children: string; onClick: () => void; variant: string; className: string; }' is not assignable to type 'IntrinsicAttributes & ButtonProps & RefAttributes<HTMLButtonElement>'.
  Property 'variant' does not exist on type 'IntrinsicAttributes & ButtonProps & RefAttributes<HTMLButtonElement>'.
src/features/users/pages/Profile.tsx(192,19): error TS2322: Type '{ children: string[]; variant: string; className: string; }' is not assignable to type 'IntrinsicAttributes & BadgeProps'.
  Property 'variant' does not exist on type 'IntrinsicAttributes & BadgeProps'.
src/features/users/pages/Profile.tsx(202,19): error TS2322: Type '{ children: string; key: number; variant: string; className: string; }' is not assignable to type 'IntrinsicAttributes & BadgeProps'.
  Property 'variant' does not exist on type 'IntrinsicAttributes & BadgeProps'.
src/features/users/pages/Profile.tsx(300,15): error TS2322: Type '{ children: string; variant: string; className: string; disabled: true; title: string; }' is not assignable to type 'IntrinsicAttributes & ButtonProps & RefAttributes<HTMLButtonElement>'.
  Property 'variant' does not exist on type 'IntrinsicAttributes & ButtonProps & RefAttributes<HTMLButtonElement>'.
src/features/users/pages/Profile.tsx(312,15): error TS2322: Type '{ children: (string | Element)[]; onClick: () => void; variant: string; className: string; }' is not assignable to type 'IntrinsicAttributes & ButtonProps & RefAttributes<HTMLButtonElement>'.
  Property 'variant' does not exist on type 'IntrinsicAttributes & ButtonProps & RefAttributes<HTMLButtonElement>'.
src/features/users/pages/Profile.tsx(355,19): error TS2322: Type '{ children: (string | Element)[]; variant: string; size: string; className: string; }' is not assignable to type 'IntrinsicAttributes & ButtonProps & RefAttributes<HTMLButtonElement>'.
  Property 'variant' does not exist on type 'IntrinsicAttributes & ButtonProps & RefAttributes<HTMLButtonElement>'.
src/features/users/pages/Profile.tsx(634,19): error TS2322: Type '{ children: string; variant: string; className: string; }' is not assignable to type 'IntrinsicAttributes & BadgeProps'.
  Property 'variant' does not exist on type 'IntrinsicAttributes & BadgeProps'.
src/features/users/pages/Profile.tsx(666,19): error TS2322: Type '{ children: string; variant: string; className: string; }' is not assignable to type 'IntrinsicAttributes & BadgeProps'.
  Property 'variant' does not exist on type 'IntrinsicAttributes & BadgeProps'.
